5
[0;32mI (39) ï¿½ets Jul 29 2019 12:21:46

rst:0x1 (POWERON_RESET),boot:0x13 (SPI_FAST_FLASH_BOOT)
configsip: 0, SPIWP:0xee
clk_drv:0x00,q_drv:0x00,d_drv:0x00,cs0_drv:0x00,hd_drv:0x00,wp_drv:0x00
mode:DIO, clock div:2
load:0x3fff0030,len:7176
load:0x40078000,len:15564
ho 0 tail 12 room 4
load:0x40080400,len:4
load:0x40080404,len:3904
entry 0x40080640
[0;32mI (31) boot: ESP-IDF v5.3.2 2nd stage bootloader[0m
[0;32mI (31) boot: compile time Apr 23 2025 08:44:43[0m
[0;32mI (31) boot: Multicore bootloader[0m
[0;32mI (35) boot: chip revision: v3.1[0m
[0;32mI (39) boot.esp32: SPI Speed      : 40MHz[0m
[0;32mI (44) boot.esp32: SPI Mode       : DIO[0m
[0;32mI (48) boot.esp32: SPI Flash Size : 2MB[0m
[0;32mI (53) boot: Enabling RNG early entropy source...[0m
[0;32mI (58) boot: Partition Table:[0m
[0;32mI (62) boot: ## Label            Usage          Type ST Offset   Length[0m
[0;32mI (69) boot:  0 nvs              WiFi data        01 02 00009000 00006000[0m
[0;32mI (77) boot:  1 phy_init         RF data          01 01 0000f000 00001000[0m
[0;32mI (84) boot:  2 factory          factory app      00 00 00010000 00100000[0m
[0;32mI (92) boot:  3 spiffs           Unknown data     01 82 00110000 00032000[0m
[0;32mI (99) boot: End of partition table[0m
[0;32mI (103) esp_image: segment 0: paddr=00010020 vaddr=3f400020 size=23b14h (146196) map[0m
[0;32mI (162) esp_image: segment 1: paddr=00033b3c vaddr=3ffb0000 size=06c7ch ( 27772) load[0m
[0;32mI (172) esp_image: segment 2: paddr=0003a7c0 vaddr=40080000 size=05858h ( 22616) load[0m
[0;32mI (182) esp_image: segment 3: paddr=00040020 vaddr=400d0020 size=b971ch (759580) map[0m
[0;32mI (442) esp_image: segment 4: paddr=000f9744 vaddr=40085858 size=1318ch ( 78220) load[0m
[0;32mI (486) boot: Loaded app from partition at offset 0x10000[0m
[0;32mI (486) boot: Disabling RNG early entropy source...[0m
[0;32mI (499) cpu_start: Multicore app[0m
[0;32mI (507) cpu_start: Pro cpu start user code[0m
[0;32mI (507) cpu_start: cpu freq: 160000000 Hz[0m
[0;32mI (507) app_init: Application information:[0m
[0;32mI (510) app_init: Project name:     camera_3[0m
[0;32mI (515) app_init: App version:      1[0m
[0;32mI (519) app_init: Compile time:     Apr 23 2025 08:44:17[0m
[0;32mI (525) app_init: ELF file SHA256:  7c8f3262a...[0m
[0;32mI (531) app_init: ESP-IDF:          v5.3.2[0m
[0;32mI (535) efuse_init: Min chip rev:     v0.0[0m
[0;32mI (540) efuse_init: Max chip rev:     v3.99 [0m
[0;32mI (545) efuse_init: Chip rev:         v3.1[0m
[0;32mI (550) heap_init: Initializing. RAM available for dynamic allocation:[0m
[0;32mI (557) heap_init: At 3FFAE6E0 len 00001920 (6 KiB): DRAM[0m
[0;32mI (563) heap_init: At 3FFC88D8 len 00017728 (93 KiB): DRAM[0m
[0;32mI (569) heap_init: At 3FFE0440 len 00003AE0 (14 KiB): D/IRAM[0m
[0;32mI (576) heap_init: At 3FFE4350 len 0001BCB0 (111 KiB): D/IRAM[0m
[0;32mI (582) heap_init: At 400989E4 len 0000761C (29 KiB): IRAM[0m
[0;32mI (590) spi_flash: detected chip: generic[0m
[0;32mI (593) spi_flash: flash io: dio[0m
[0;33mW (597) spi_flash: Detected size(4096k) larger than the size in the binary image header(2048k). Using the size in the binary image header.[0m
[0;33mW (610) i2c: This driver is an old driver, please migrate your application code to adapt `driver/i2c_master.h`[0m
[0;32mI (621) main_task: Started on CPU0[0m
[0;32mI (631) main_task: Calling app_main()[0m
[0;32mI (661) wifi:wifi driver task: 3ffd09b0, prio:23, stack:6656, core=0[0m
[0;32mI (671) wifi:wifi firmware version: b0fd6006b[0m
[0;32mI (671) wifi:wifi certification version: v7.0[0m
[0;32mI (671) wifi:config NVS flash: enabled[0m
[0;32mI (671) wifi:config nano formating: disabled[0m
[0;32mI (681) wifi:Init data frame dynamic rx buffer num: 32[0m
[0;32mI (681) wifi:Init static rx mgmt buffer num: 5[0m
[0;32mI (681) wifi:Init management short buffer num: 32[0m
[0;32mI (691) wifi:Init dynamic tx buffer num: 32[0m
[0;32mI (691) wifi:Init static rx buffer size: 1600[0m
[0;32mI (701) wifi:Init static rx buffer num: 10[0m
[0;32mI (701) wifi:Init dynamic rx buffer num: 32[0m
[0;32mI (711) wifi_init: rx ba win: 6[0m
[0;32mI (711) wifi_init: accept mbox: 6[0m
[0;32mI (711) wifi_init: tcpip mbox: 32[0m
[0;32mI (721) wifi_init: udp mbox: 6[0m
[0;32mI (721) wifi_init: tcp mbox: 6[0m
[0;32mI (721) wifi_init: tcp tx win: 5760[0m
[0;32mI (731) wifi_init: tcp rx win: 5760[0m
[0;32mI (731) wifi_init: tcp mss: 1440[0m
[0;32mI (741) wifi_init: WiFi IRAM OP enabled[0m
[0;32mI (741) wifi_init: WiFi RX IRAM OP enabled[0m
[0;33mW (751) wifi:Password length matches WPA2 standards, authmode threshold changes from OPEN to WPA2[0m
[0;32mI (761) phy_init: phy_version 4840,02e0d70,Sep  2 2024,19:39:07[0m
[0;32mI (841) wifi:mode : sta (a0:b7:65:50:83:28)[0m
[0;32mI (841) wifi:enable tsf[0m
[0;32mI (851) WiFi: WiFi initialization complete.[0m
[0;32mI (851) WiFi: WiFi connecting...[0m
[0;32mI (2851) TFLite: Modelo TFLite inicializado com sucesso.[0m
[0;32mI (2851) SPIFFS: Inicializando SPIFFS[0m
[0;32mI (2861) SPIFFS: Sistema de arquivos montado. Total: 180971, Usado: 2259[0m
[0;32mI (2871) CAMERA: Iniciando MLX90640[0m
[0;32mI (3041) CAMERA: Pronto para captura[0m
[0;33mW (3261) WiFi: WiFi disconnected. Reconnecting...[0m
[0;33mW (5681) WiFi: WiFi disconnected. Reconnecting...[0m
[0;33mW (8091) WiFi: WiFi disconnected. Reconnecting...[0m
[0;33mW (10511) WiFi: WiFi disconnected. Reconnecting...[0m
[0;33mW (12921) WiFi: WiFi disconnected. Reconnecting...[0m
[0;33mW (15341) WiFi: WiFi disconnected. Reconnecting...[0m
[0;33mW (17751) WiFi: WiFi disconnected. Reconnecting...[0m
[0;33mW (20161) WiFi: WiFi disconnected. Reconnecting...[0m
